LUMA_AUDIT {"activations":0,"event":"before-tauri","frontBundle":"com.jetbrains.datagrip","frontPid":22709,"keyWindows":0,"pid":96391,"seconds":0.0020959377288818359}
2026-09-17 15:08:57.814 luma-spike[96391:48614859] [LUMA PANEL] moa opaque=0 level=3 keyAllowed=0 mainAllowed=0
2026-09-17 15:08:57.849 luma-spike[96391:48614859] [LUMA PANEL] pip opaque=0 level=3 keyAllowed=0 mainAllowed=0
2026-09-17 15:08:57.881 luma-spike[96391:48614859] [LUMA PANEL] interaction opaque=0 level=3 keyAllowed=0 mainAllowed=0
LUMA_GEOMETRY {"computedGroundLine":8,"entity":"MOA","expectedPanelFrame":{"h":104,"w":96,"x":1776,"y":8},"fitsUsableBounds":true,"matchesWorldBounds":true,"panelFrame":{"h":104,"w":96,"x":1776,"y":8},"pid":96391,"reservedIntersectionArea":0,"screenFrame":{"h":1329,"w":2056,"x":0,"y":0},"uptime":1302595.7788370417,"visible":1,"visibleFrame":{"h":1290,"w":2056,"x":0,"y":0},"world":{"x":1824,"y":8}}
[LUMA STATE] t=0.04 Idle:None:-1:false moa=(1824.0,8.0) pip=None
[LUMA FOCUS] app active=0 t=0.04
LUMA_GEOMETRY {"computedGroundLine":8,"entity":"MOA","expectedPanelFrame":{"h":104,"w":96,"x":1776,"y":8},"fitsUsableBounds":true,"matchesWorldBounds":true,"panelFrame":{"h":104,"w":96,"x":1776,"y":8},"pid":96391,"reservedIntersectionArea":0,"screenFrame":{"h":1329,"w":2056,"x":0,"y":0},"uptime":1302596.7910077085,"visible":1,"visibleFrame":{"h":1290,"w":2056,"x":0,"y":0},"world":{"x":1824,"y":8}}
LUMA_GEOMETRY {"computedGroundLine":8,"entity":"PIP","expectedPanelFrame":{"h":104,"w":96,"x":1950,"y":8},"fitsUsableBounds":true,"matchesWorldBounds":true,"panelFrame":{"h":104,"w":96,"x":1950,"y":8},"pid":96391,"reservedIntersectionArea":0,"screenFrame":{"h":1329,"w":2056,"x":0,"y":0},"uptime":1302597.7348537084,"visible":1,"visibleFrame":{"h":1290,"w":2056,"x":0,"y":0},"world":{"x":1998.2302958499999,"y":8}}
[LUMA STATE] t=2.00 Idle:Some((Spawning, -1)):-1:false moa=(1824.0,8.0) pip=Some((1998.23029585, 8.0))
LUMA_GEOMETRY {"computedGroundLine":8,"entity":"MOA","expectedPanelFrame":{"h":104,"w":96,"x":1776,"y":8},"fitsUsableBounds":true,"matchesWorldBounds":true,"panelFrame":{"h":104,"w":96,"x":1776,"y":8},"pid":96391,"reservedIntersectionArea":0,"screenFrame":{"h":1329,"w":2056,"x":0,"y":0},"uptime":1302597.8062531666,"visible":1,"visibleFrame":{"h":1290,"w":2056,"x":0,"y":0},"world":{"x":1824,"y":8}}
[LUMA STATE] t=2.62 Idle:Some((Roaming, -1)):-1:false moa=(1824.0,8.0) pip=Some((1967.2458187000002, 8.0))
LUMA_GEOMETRY {"computedGroundLine":8,"entity":"PIP","expectedPanelFrame":{"h":104,"w":96,"x":1910,"y":8},"fitsUsableBounds":true,"matchesWorldBounds":true,"panelFrame":{"h":104,"w":96,"x":1910,"y":8},"pid":96391,"reservedIntersectionArea":0,"screenFrame":{"h":1329,"w":2056,"x":0,"y":0},"uptime":1302598.7566972501,"visible":1,"visibleFrame":{"h":1290,"w":2056,"x":0,"y":0},"world":{"x":1957.5464147080002,"y":8}}
LUMA_GEOMETRY {"computedGroundLine":8,"entity":"MOA","expectedPanelFrame":{"h":104,"w":96,"x":1776,"y":8},"fitsUsableBounds":true,"matchesWorldBounds":true,"panelFrame":{"h":104,"w":96,"x":1776,"y":8},"pid":96391,"reservedIntersectionArea":0,"screenFrame":{"h":1329,"w":2056,"x":0,"y":0},"uptime":1302598.8277245834,"visible":1,"visibleFrame":{"h":1290,"w":2056,"x":0,"y":0},"world":{"x":1824,"y":8}}
[LUMA STATE] t=3.21 Reacting:Some((Engaged, -1)):1:false moa=(1824.0,8.0) pip=Some((1953.2284357240003, 8.0))
LUMA_GEOMETRY {"computedGroundLine":8,"entity":"PIP","expectedPanelFrame":{"h":104,"w":96,"x":1905,"y":8},"fitsUsableBounds":true,"matchesWorldBounds":true,"panelFrame":{"h":104,"w":96,"x":1905,"y":8},"pid":96391,"reservedIntersectionArea":0,"screenFrame":{"h":1329,"w":2056,"x":0,"y":0},"uptime":1302599.7655983334,"visible":1,"visibleFrame":{"h":1290,"w":2056,"x":0,"y":0},"world":{"x":1953.2284357240003,"y":8}}
[LUMA STATE] t=4.04 Reacting:Some((Engaged, -1)):1:true moa=(1824.0,8.0) pip=Some((1953.2284357240003, 8.0))
LUMA_GEOMETRY {"computedGroundLine":8,"entity":"MOA","expectedPanelFrame":{"h":104,"w":96,"x":1776,"y":8},"fitsUsableBounds":true,"matchesWorldBounds":true,"panelFrame":{"h":104,"w":96,"x":1776,"y":8},"pid":96391,"reservedIntersectionArea":0,"screenFrame":{"h":1329,"w":2056,"x":0,"y":0},"uptime":1302599.8367499583,"visible":1,"visibleFrame":{"h":1290,"w":2056,"x":0,"y":0},"world":{"x":1824,"y":8}}
[LUMA STATE] t=4.44 Idle:Some((Engaged, -1)):1:true moa=(1824.0,8.0) pip=Some((1953.2284357240003, 8.0))
LUMA_GEOMETRY {"computedGroundLine":8,"entity":"PIP","expectedPanelFrame":{"h":104,"w":96,"x":1905,"y":8},"fitsUsableBounds":true,"matchesWorldBounds":true,"panelFrame":{"h":104,"w":96,"x":1905,"y":8},"pid":96391,"reservedIntersectionArea":0,"screenFrame":{"h":1329,"w":2056,"x":0,"y":0},"uptime":1302600.7861404167,"visible":1,"visibleFrame":{"h":1290,"w":2056,"x":0,"y":0},"world":{"x":1953.2284357240003,"y":8}}
LUMA_GEOMETRY {"computedGroundLine":8,"entity":"MOA","expectedPanelFrame":{"h":104,"w":96,"x":1776,"y":8},"fitsUsableBounds":true,"matchesWorldBounds":true,"panelFrame":{"h":104,"w":96,"x":1776,"y":8},"pid":96391,"reservedIntersectionArea":0,"screenFrame":{"h":1329,"w":2056,"x":0,"y":0},"uptime":1302600.8613128334,"visible":1,"visibleFrame":{"h":1290,"w":2056,"x":0,"y":0},"world":{"x":1824,"y":8}}
[LUMA STATE] t=6.02 Reacting:Some((Engaged, -1)):1:false moa=(1824.0,8.0) pip=Some((1952.3343497080002, 8.0))
LUMA_GEOMETRY {"computedGroundLine":8,"entity":"PIP","expectedPanelFrame":{"h":104,"w":96,"x":1904,"y":8},"fitsUsableBounds":true,"matchesWorldBounds":true,"panelFrame":{"h":104,"w":96,"x":1904,"y":8},"pid":96391,"reservedIntersectionArea":0,"screenFrame":{"h":1329,"w":2056,"x":0,"y":0},"uptime":1302601.7872414168,"visible":1,"visibleFrame":{"h":1290,"w":2056,"x":0,"y":0},"world":{"x":1952.3343497080002,"y":8}}
LUMA_GEOMETRY {"computedGroundLine":8,"entity":"MOA","expectedPanelFrame":{"h":104,"w":96,"x":1776,"y":8},"fitsUsableBounds":true,"matchesWorldBounds":true,"panelFrame":{"h":104,"w":96,"x":1776,"y":8},"pid":96391,"reservedIntersectionArea":0,"screenFrame":{"h":1329,"w":2056,"x":0,"y":0},"uptime":1302601.897872875,"visible":1,"visibleFrame":{"h":1290,"w":2056,"x":0,"y":0},"world":{"x":1824,"y":8}}
LUMA_GEOMETRY {"computedGroundLine":8,"entity":"PIP","expectedPanelFrame":{"h":104,"w":96,"x":1904,"y":8},"fitsUsableBounds":true,"matchesWorldBounds":true,"panelFrame":{"h":104,"w":96,"x":1904,"y":8},"pid":96391,"reservedIntersectionArea":0,"screenFrame":{"h":1329,"w":2056,"x":0,"y":0},"uptime":1302602.8107916669,"visible":1,"visibleFrame":{"h":1290,"w":2056,"x":0,"y":0},"world":{"x":1952.3343497080002,"y":8}}
LUMA_GEOMETRY {"computedGroundLine":8,"entity":"MOA","expectedPanelFrame":{"h":104,"w":96,"x":1776,"y":8},"fitsUsableBounds":true,"matchesWorldBounds":true,"panelFrame":{"h":104,"w":96,"x":1776,"y":8},"pid":96391,"reservedIntersectionArea":0,"screenFrame":{"h":1329,"w":2056,"x":0,"y":0},"uptime":1302602.918617625,"visible":1,"visibleFrame":{"h":1290,"w":2056,"x":0,"y":0},"world":{"x":1824,"y":8}}
[LUMA STATE] t=7.22 Idle:Some((Engaged, -1)):1:false moa=(1824.0,8.0) pip=Some((1952.3343497080002, 8.0))
[LUMA STATE] t=8.03 Idle:Some((Despawning, -1)):1:false moa=(1824.0,8.0) pip=Some((1952.3343497080002, 8.0))
LUMA_GEOMETRY {"computedGroundLine":8,"entity":"PIP","expectedPanelFrame":{"h":104,"w":96,"x":1904,"y":8},"fitsUsableBounds":true,"matchesWorldBounds":true,"panelFrame":{"h":104,"w":96,"x":1904,"y":8},"pid":96391,"reservedIntersectionArea":0,"screenFrame":{"h":1329,"w":2056,"x":0,"y":0},"uptime":1302603.8273393752,"visible":1,"visibleFrame":{"h":1290,"w":2056,"x":0,"y":0},"world":{"x":1952.3343497080002,"y":8}}
LUMA_GEOMETRY {"computedGroundLine":8,"entity":"MOA","expectedPanelFrame":{"h":104,"w":96,"x":1776,"y":8},"fitsUsableBounds":true,"matchesWorldBounds":true,"panelFrame":{"h":104,"w":96,"x":1776,"y":8},"pid":96391,"reservedIntersectionArea":0,"screenFrame":{"h":1329,"w":2056,"x":0,"y":0},"uptime":1302603.9359722084,"visible":1,"visibleFrame":{"h":1290,"w":2056,"x":0,"y":0},"world":{"x":1824,"y":8}}
[LUMA STATE] t=8.54 Idle:None:1:false moa=(1824.0,8.0) pip=None
LUMA_GEOMETRY {"computedGroundLine":8,"entity":"MOA","expectedPanelFrame":{"h":104,"w":96,"x":1776,"y":8},"fitsUsableBounds":true,"matchesWorldBounds":true,"panelFrame":{"h":104,"w":96,"x":1776,"y":8},"pid":96391,"reservedIntersectionArea":0,"screenFrame":{"h":1329,"w":2056,"x":0,"y":0},"uptime":1302604.9461932918,"visible":1,"visibleFrame":{"h":1290,"w":2056,"x":0,"y":0},"world":{"x":1824,"y":8}}
[LUMA SMOKE] normal exit
LUMA_AUDIT {"activations":0,"event":"exit","frontBundle":"com.jetbrains.datagrip","frontPid":22709,"keyWindows":0,"pid":96391,"seconds":10.278391003608704}
[LUMA EXIT] panels and status item cleaned
